---
source: crates/rattler_networking/src/authenticated_client.rs
expression: authentication
---
{
  "CondaToken": "testtoken"
}
