---
source: crates/rattler_package_streaming/tests/extract.rs
expression: "&format!(\"{:x}\", new_result.sha256)"
---
6a5d6d8a1a7552dbf8c617312ef951a77d2dac09f2aeaba661deebce603a7a97
