---
source: crates/rattler_solve/tests/backends.rs
assertion_line: 474
expression: err
---
Unsolvable(
    [
        "No candidates were found for asdfasdf.\n",
    ],
)
