---
source: crates/rattler_tuf/src/lib.rs
expression: serialized_str
---
{
  "delegations": {
    "key_mgr": {
      "pubkeys": [
        "013ddd714962866d12ba5bae273f14d48c89cf0773dee2dbf6d4561e521c83f7"
      ],
      "threshold": 1
    },
    "root": {
      "pubkeys": [
        "c8bd83b3bfc991face417d97b9c0db011b5d256476b602b92fec92849fc2b36c"
      ],
      "threshold": 1
    }
  },
  "expiration": "2021-11-11T20:58:36Z",
  "metadata_spec_version": "0.6.0",
  "timestamp": "2020-11-11T20:58:36Z",
  "type": "root",
  "version": 1
}
