---
source: crates/rattler_libsolv_rs/src/solver/mod.rs
expression: error
---
No candidates were found for fghj.

