---
source: crates/rattler_libsolv_rs/src/solver/mod.rs
expression: error
---
asdf with any version cannot be installed because there are no viable options:
|-- asdf 1 would require
    |-- c with versions 2 up to 3, for which no candidates were found.

