---
source: crates/rattler_libsolv_rs/src/solver/mod.rs
expression: error
---
a with versions 0 up to 1000 cannot be installed because there are no viable options:
|-- a 41 would require
    |-- B with versions 0 up to 20, for which no candidates were found.

