---
source: crates/rattler_libsolv_rs/src/solver/mod.rs
expression: error
---
The following packages are incompatible
|-- a with any version can be installed with any of the following options:
    |-- a 9 | 10 would require
        |-- b with versions 50 up to 100, which can be installed with any of the following options:
            |-- b 50
|-- c with any version cannot be installed because there are no viable options:
    |-- c 8 | 10 would constrain
        |-- b with versions 0 up to 50 , which conflicts with any installable versions previously reported

