---
source: crates/rattler_libsolv_rs/src/solver/mod.rs
expression: error
---
No candidates were found for b with versions 14 up to 15.

