---
source: crates/rattler_libsolv_rs/src/solver/mod.rs
expression: display_result
---
Pack(0)
Pack(3)
Pack(7)

