---
source: crates/rattler_solve/src/lib.rs
assertion_line: 215
expression: pkgs
---
- _libgcc_mutex 0.1 conda_forge
- _openmp_mutex 4.5 1_llvm
- bzip2 1.0.8 h7f98852_4
- ca-certificates 2022.6.15 ha878542_0
- ld_impl_linux-64 2.36.1 hea4e1c9_0
- libffi 3.4.2 h9c3ff4c_2
- libgcc-ng 12.1.0 h8d9b700_16
- libnsl 2.0.0 h7f98852_0
- libstdcxx-ng 12.1.0 ha89aaad_16
- libuuid 2.32.1 h7f98852_1000
- libzlib 1.2.12 h166bdaf_1
- llvm-openmp 14.0.4 he0ac6c6_0
- ncurses 6.3 h9c3ff4c_0
- openssl 1.1.1q h166bdaf_0
- python 3.9.13 h9a8a25e_0_cpython
- readline 8.1.2 h0f457ee_0
- sqlite 3.39.2 h4ff8645_0
- tk 8.6.12 h27826a3_0
- tzdata 2021e he74cb21_0
- xz 5.2.6 h166bdaf_0
- zlib 1.2.12 h166bdaf_1

